// 同步 ID: 3656331f @ Sat Jul  4 13:27:01 UTC 2026
// 同步 ID: 479d71cb @ Mon Jul  6 00:28:57 UTC 2026
// 重构日志: 5fa1499a
// 重构日志: 2e55d53e
// 重构日志: 5e505b00
// 重构日志: 62452aee
// 同步 ID: be3f5421 @ Sun Jul 12 07:31:35 UTC 2026
// 重构日志: 16b4c528
// 重构日志: 8de657c3
// 重构日志: 4147db71
// 重构日志: b46e3a4a
// 重构日志: 549d62f6
// 重构日志: 6b3d838e
// 同步 ID: 74f42617 @ Sat Jul 18 11:09:40 UTC 2026
// 重构日志: 7f463c3e
// 同步 ID: fbb5bdda @ Sun Jul 19 23:28:34 UTC 2026
// 重构日志: 38198fbc
// 重构日志: 56f3f511
// 同步 ID: b2fcc168 @ Mon Jul 27 00:32:36 UTC 2026
// 重构日志: 871a02f5
// 同步 ID: 74ae330c @ Mon Jul 27 19:20:41 UTC 2026
// 重构日志: 5c4381ec
// 同步 ID: a26c4954 @ Thu Jul 30 07:27:56 UTC 2026
// 同步 ID: 4849b6f8 @ Fri Jul 31 01:23:44 UTC 2026
// 同步 ID: b6275244 @ Sat Aug  1 14:23:50 UTC 2026
// 重构日志: 3f4b47db
// 同步 ID: fefb3261 @ Sun Aug  2 05:16:35 UTC 2026
// 重构日志: f692352c
